tjoeun-jr-902-12@DESKTOP-BCEEG5G MINGW64 /d/kdigital/gittest (branchTest)
$ git branch branchTest2

tjoeun-jr-902-12@DESKTOP-BCEEG5G MINGW64 /d/kdigital/gittest (branchTest)
$ git branch
* branchTest
  branchTest2
  master

tjoeun-jr-902-12@DESKTOP-BCEEG5G MINGW64 /d/kdigital/gittest (branchTest)
$ git checkout branchTest2
Switched to branch 'branchTest2'
M       test.txt

tjoeun-jr-902-12@DESKTOP-BCEEG5G MINGW64 /d/kdigital/gittest (branchTest2)
$ cat test.txt
test
branchTest hello master
branchTest

tjoeun-jr-902-12@DESKTOP-BCEEG5G MINGW64 /d/kdigital/gittest (branchTest2)
$ vi test.txt

tjoeun-jr-902-12@DESKTOP-BCEEG5G MINGW64 /d/kdigital/gittest (branchTest2)
$ git checkout master
Switched to branch 'master'
M       test.txt

tjoeun-jr-902-12@DESKTOP-BCEEG5G MINGW64 /d/kdigital/gittest (master)
$ vi test2.txt

tjoeun-jr-902-12@DESKTOP-BCEEG5G MINGW64 /d/kdigital/gittest (master)
$ git add test2.txt
warning: in the working copy of 'test2.txt', LF will be replaced by CRLF the next time Git touches it

tjoeun-jr-902-12@DESKTOP-BCEEG5G MINGW64 /d/kdigital/gittest (master)
$ git commit -m 'master에서'
[master 68d3f49] master에서
 1 file changed, 1 insertion(+)
 create mode 100644 test2.txt

tjoeun-jr-902-12@DESKTOP-BCEEG5G MINGW64 /d/kdigital/gittest (master)
$ git checkout branchTest2
Switched to branch 'branchTest2'
M       test.txt

tjoeun-jr-902-12@DESKTOP-BCEEG5G MINGW64 /d/kdigital/gittest (branchTest2)
$ ls
test.txt

tjoeun-jr-902-12@DESKTOP-BCEEG5G MINGW64 /d/kdigital/gittest (branchTest2)
$ vi test2.txt

tjoeun-jr-902-12@DESKTOP-BCEEG5G MINGW64 /d/kdigital/gittest (branchTest2)
$ vi test2.txt

tjoeun-jr-902-12@DESKTOP-BCEEG5G MINGW64 /d/kdigital/gittest (branchTest2)
$ git chechout master
git: 'chechout' is not a git command. See 'git --help'.

The most similar command is
        checkout

tjoeun-jr-902-12@DESKTOP-BCEEG5G MINGW64 /d/kdigital/gittest (branchTest2)
$ git checkout master
error: The following untracked working tree files would be overwritten by checkout:
        test2.txt
Please move or remove them before you switch branches.
Aborting

tjoeun-jr-902-12@DESKTOP-BCEEG5G MINGW64 /d/kdigital/gittest (branchTest2)
$ git checkout master
error: The following untracked working tree files would be overwritten by checkout:
        test2.txt
Please move or remove them before you switch branches.
Aborting

tjoeun-jr-902-12@DESKTOP-BCEEG5G MINGW64 /d/kdigital/gittest (branchTest2)
$ git add test2.txt
warning: in the working copy of 'test2.txt', LF will be replaced by CRLF the next time Git touches it

tjoeun-jr-902-12@DESKTOP-BCEEG5G MINGW64 /d/kdigital/gittest (branchTest2)
$ git checkout master
error: Your local changes to the following files would be overwritten by checkout:
        test2.txt
Please commit your changes or stash them before you switch branches.
Aborting

tjoeun-jr-902-12@DESKTOP-BCEEG5G MINGW64 /d/kdigital/gittest (branchTest2)
$ git commit -a
[branchTest2 c15a6e6] branchTest2
 2 files changed, 4 insertions(+), 3 deletions(-)
 create mode 100644 test2.txt

tjoeun-jr-902-12@DESKTOP-BCEEG5G MINGW64 /d/kdigital/gittest (branchTest2)
$ git checkout master
Switched to branch 'master'

tjoeun-jr-902-12@DESKTOP-BCEEG5G MINGW64 /d/kdigital/gittest (master)
$ ls
test.txt  test2.txt

tjoeun-jr-902-12@DESKTOP-BCEEG5G MINGW64 /d/kdigital/gittest (master)
$ cat test2.txt
master

tjoeun-jr-902-12@DESKTOP-BCEEG5G MINGW64 /d/kdigital/gittest (master)
$ git merge branchTest2
Auto-merging test2.txt
CONFLICT (add/add): Merge conflict in test2.txt
Automatic merge failed; fix conflicts and then commit the result.

tjoeun-jr-902-12@DESKTOP-BCEEG5G MINGW64 /d/kdigital/gittest (master|MERGING)
$ cat test2.txt
<<<<<<< HEAD
master
=======
master branchTest2


>>>>>>> branchTest2

master
